graph: { title: "D:\Documents\Ada\testing\src\lpc43xx-ccu1.ads"
node: { title: "lpc43xx__ccu1__ccu1_peripheralIP" label: "Ccu1_Peripheralip\nD:\Documents\Ada\testing\src\lpc43xx-ccu1.ads:3381:9\n16 bytes (static)" }
edge: { sourcename: "lpc43xx__ccu1__ccu1_peripheralIP" targetname: "lpc43xx__ccu1__clk_adchs_cfg_registerIP" label: "D:\Documents\Ada\testing\src\lpc43xx-ccu1.ads:3591:7" }
edge: { sourcename: "lpc43xx__ccu1__ccu1_peripheralIP" targetname: "lpc43xx__ccu1__clk_spi_cfg_registerIP" label: "D:\Documents\Ada\testing\src\lpc43xx-ccu1.ads:3587:7" }
edge: { sourcename: "lpc43xx__ccu1__ccu1_peripheralIP" targetname: "lpc43xx__ccu1__clk_usb1_cfg_registerIP" label: "D:\Documents\Ada\testing\src\lpc43xx-ccu1.ads:3583:7" }
edge: { sourcename: "lpc43xx__ccu1__ccu1_peripheralIP" targetname: "lpc43xx__ccu1__clk_usb0_cfg_registerIP" label: "D:\Documents\Ada\testing\src\lpc43xx-ccu1.ads:3579:7" }
edge: { sourcename: "lpc43xx__ccu1__ccu1_peripheralIP" targetname: "lpc43xx__ccu1__clk_periph_sgpio_cfg_registerIP" label: "D:\Documents\Ada\testing\src\lpc43xx-ccu1.ads:3575:7" }
edge: { sourcename: "lpc43xx__ccu1__ccu1_peripheralIP" targetname: "lpc43xx__ccu1__clk_periph_core_cfg_registerIP" label: "D:\Documents\Ada\testing\src\lpc43xx-ccu1.ads:3571:7" }
edge: { sourcename: "lpc43xx__ccu1__ccu1_peripheralIP" targetname: "lpc43xx__ccu1__clk_periph_bus_cfg_registerIP" label: "D:\Documents\Ada\testing\src\lpc43xx-ccu1.ads:3567:7" }
edge: { sourcename: "lpc43xx__ccu1__ccu1_peripheralIP" targetname: "lpc43xx__ccu1__clk_m4_qei_cfg_registerIP" label: "D:\Documents\Ada\testing\src\lpc43xx-ccu1.ads:3563:7" }
edge: { sourcename: "lpc43xx__ccu1__ccu1_peripheralIP" targetname: "lpc43xx__ccu1__clk_m4_ssp1_cfg_registerIP" label: "D:\Documents\Ada\testing\src\lpc43xx-ccu1.ads:3559:7" }
edge: { sourcename: "lpc43xx__ccu1__ccu1_peripheralIP" targetname: "lpc43xx__ccu1__clk_m4_timer3_cfg_registerIP" label: "D:\Documents\Ada\testing\src\lpc43xx-ccu1.ads:3555:7" }
edge: { sourcename: "lpc43xx__ccu1__ccu1_peripheralIP" targetname: "lpc43xx__ccu1__clk_m4_timer2_cfg_registerIP" label: "D:\Documents\Ada\testing\src\lpc43xx-ccu1.ads:3551:7" }
edge: { sourcename: "lpc43xx__ccu1__ccu1_peripheralIP" targetname: "lpc43xx__ccu1__clk_m4_usart3_cfg_registerIP" label: "D:\Documents\Ada\testing\src\lpc43xx-ccu1.ads:3547:7" }
edge: { sourcename: "lpc43xx__ccu1__ccu1_peripheralIP" targetname: "lpc43xx__ccu1__clk_m4_usart2_cfg_registerIP" label: "D:\Documents\Ada\testing\src\lpc43xx-ccu1.ads:3543:7" }
edge: { sourcename: "lpc43xx__ccu1__ccu1_peripheralIP" targetname: "lpc43xx__ccu1__clk_m4_ritimer_cfg_registerIP" label: "D:\Documents\Ada\testing\src\lpc43xx-ccu1.ads:3539:7" }
edge: { sourcename: "lpc43xx__ccu1__ccu1_peripheralIP" targetname: "lpc43xx__ccu1__clk_m4_creg_cfg_registerIP" label: "D:\Documents\Ada\testing\src\lpc43xx-ccu1.ads:3535:7" }
edge: { sourcename: "lpc43xx__ccu1__ccu1_peripheralIP" targetname: "lpc43xx__ccu1__clk_m4_scu_cfg_registerIP" label: "D:\Documents\Ada\testing\src\lpc43xx-ccu1.ads:3531:7" }
edge: { sourcename: "lpc43xx__ccu1__ccu1_peripheralIP" targetname: "lpc43xx__ccu1__clk_m4_timer1_cfg_registerIP" label: "D:\Documents\Ada\testing\src\lpc43xx-ccu1.ads:3527:7" }
edge: { sourcename: "lpc43xx__ccu1__ccu1_peripheralIP" targetname: "lpc43xx__ccu1__clk_m4_timer0_cfg_registerIP" label: "D:\Documents\Ada\testing\src\lpc43xx-ccu1.ads:3523:7" }
edge: { sourcename: "lpc43xx__ccu1__ccu1_peripheralIP" targetname: "lpc43xx__ccu1__clk_m4_ssp0_cfg_registerIP" label: "D:\Documents\Ada\testing\src\lpc43xx-ccu1.ads:3519:7" }
edge: { sourcename: "lpc43xx__ccu1__ccu1_peripheralIP" targetname: "lpc43xx__ccu1__clk_m4_uart1_cfg_registerIP" label: "D:\Documents\Ada\testing\src\lpc43xx-ccu1.ads:3515:7" }
edge: { sourcename: "lpc43xx__ccu1__ccu1_peripheralIP" targetname: "lpc43xx__ccu1__clk_m4_usart0_cfg_registerIP" label: "D:\Documents\Ada\testing\src\lpc43xx-ccu1.ads:3511:7" }
edge: { sourcename: "lpc43xx__ccu1__ccu1_peripheralIP" targetname: "lpc43xx__ccu1__clk_m4_wwdt_cfg_registerIP" label: "D:\Documents\Ada\testing\src\lpc43xx-ccu1.ads:3507:7" }
edge: { sourcename: "lpc43xx__ccu1__ccu1_peripheralIP" targetname: "lpc43xx__ccu1__clk_m4_eeprom_cfg_registerIP" label: "D:\Documents\Ada\testing\src\lpc43xx-ccu1.ads:3503:7" }
edge: { sourcename: "lpc43xx__ccu1__ccu1_peripheralIP" targetname: "lpc43xx__ccu1__clk_m4_adchs_cfg_registerIP" label: "D:\Documents\Ada\testing\src\lpc43xx-ccu1.ads:3499:7" }
edge: { sourcename: "lpc43xx__ccu1__ccu1_peripheralIP" targetname: "lpc43xx__ccu1__clk_m4_m0app_cfg_registerIP" label: "D:\Documents\Ada\testing\src\lpc43xx-ccu1.ads:3495:7" }
edge: { sourcename: "lpc43xx__ccu1__ccu1_peripheralIP" targetname: "lpc43xx__ccu1__clk_m4_flashb_cfg_registerIP" label: "D:\Documents\Ada\testing\src\lpc43xx-ccu1.ads:3491:7" }
edge: { sourcename: "lpc43xx__ccu1__ccu1_peripheralIP" targetname: "lpc43xx__ccu1__clk_m4_flasha_cfg_registerIP" label: "D:\Documents\Ada\testing\src\lpc43xx-ccu1.ads:3487:7" }
edge: { sourcename: "lpc43xx__ccu1__ccu1_peripheralIP" targetname: "lpc43xx__ccu1__clk_m4_emcdiv_cfg_registerIP" label: "D:\Documents\Ada\testing\src\lpc43xx-ccu1.ads:3483:7" }
edge: { sourcename: "lpc43xx__ccu1__ccu1_peripheralIP" targetname: "lpc43xx__ccu1__clk_m4_usb1_cfg_registerIP" label: "D:\Documents\Ada\testing\src\lpc43xx-ccu1.ads:3479:7" }
edge: { sourcename: "lpc43xx__ccu1__ccu1_peripheralIP" targetname: "lpc43xx__ccu1__clk_m4_sct_cfg_registerIP" label: "D:\Documents\Ada\testing\src\lpc43xx-ccu1.ads:3475:7" }
edge: { sourcename: "lpc43xx__ccu1__ccu1_peripheralIP" targetname: "lpc43xx__ccu1__clk_m4_m4core_cfg_registerIP" label: "D:\Documents\Ada\testing\src\lpc43xx-ccu1.ads:3471:7" }
edge: { sourcename: "lpc43xx__ccu1__ccu1_peripheralIP" targetname: "lpc43xx__ccu1__clk_m4_dma_cfg_registerIP" label: "D:\Documents\Ada\testing\src\lpc43xx-ccu1.ads:3467:7" }
edge: { sourcename: "lpc43xx__ccu1__ccu1_peripheralIP" targetname: "lpc43xx__ccu1__clk_m4_sdio_cfg_registerIP" label: "D:\Documents\Ada\testing\src\lpc43xx-ccu1.ads:3463:7" }
edge: { sourcename: "lpc43xx__ccu1__ccu1_peripheralIP" targetname: "lpc43xx__ccu1__clk_m4_emc_cfg_registerIP" label: "D:\Documents\Ada\testing\src\lpc43xx-ccu1.ads:3459:7" }
edge: { sourcename: "lpc43xx__ccu1__ccu1_peripheralIP" targetname: "lpc43xx__ccu1__clk_m4_usb0_cfg_registerIP" label: "D:\Documents\Ada\testing\src\lpc43xx-ccu1.ads:3455:7" }
edge: { sourcename: "lpc43xx__ccu1__ccu1_peripheralIP" targetname: "lpc43xx__ccu1__clk_m4_ethernet_cfg_registerIP" label: "D:\Documents\Ada\testing\src\lpc43xx-ccu1.ads:3451:7" }
edge: { sourcename: "lpc43xx__ccu1__ccu1_peripheralIP" targetname: "lpc43xx__ccu1__clk_m4_lcd_cfg_registerIP" label: "D:\Documents\Ada\testing\src\lpc43xx-ccu1.ads:3447:7" }
edge: { sourcename: "lpc43xx__ccu1__ccu1_peripheralIP" targetname: "lpc43xx__ccu1__clk_m4_gpio_cfg_registerIP" label: "D:\Documents\Ada\testing\src\lpc43xx-ccu1.ads:3443:7" }
edge: { sourcename: "lpc43xx__ccu1__ccu1_peripheralIP" targetname: "lpc43xx__ccu1__clk_m4_spifi_cfg_registerIP" label: "D:\Documents\Ada\testing\src\lpc43xx-ccu1.ads:3439:7" }
edge: { sourcename: "lpc43xx__ccu1__ccu1_peripheralIP" targetname: "lpc43xx__ccu1__clk_m4_bus_cfg_registerIP" label: "D:\Documents\Ada\testing\src\lpc43xx-ccu1.ads:3435:7" }
edge: { sourcename: "lpc43xx__ccu1__ccu1_peripheralIP" targetname: "lpc43xx__ccu1__clk_spifi_cfg_registerIP" label: "D:\Documents\Ada\testing\src\lpc43xx-ccu1.ads:3431:7" }
edge: { sourcename: "lpc43xx__ccu1__ccu1_peripheralIP" targetname: "lpc43xx__ccu1__clk_apb1_can1_cfg_registerIP" label: "D:\Documents\Ada\testing\src\lpc43xx-ccu1.ads:3427:7" }
edge: { sourcename: "lpc43xx__ccu1__ccu1_peripheralIP" targetname: "lpc43xx__ccu1__clk_apb1_i2s_cfg_registerIP" label: "D:\Documents\Ada\testing\src\lpc43xx-ccu1.ads:3423:7" }
edge: { sourcename: "lpc43xx__ccu1__ccu1_peripheralIP" targetname: "lpc43xx__ccu1__clk_apb1_i2c0_cfg_registerIP" label: "D:\Documents\Ada\testing\src\lpc43xx-ccu1.ads:3419:7" }
edge: { sourcename: "lpc43xx__ccu1__ccu1_peripheralIP" targetname: "lpc43xx__ccu1__clk_apb1_motoconpwm_cfg_registerIP" label: "D:\Documents\Ada\testing\src\lpc43xx-ccu1.ads:3415:7" }
edge: { sourcename: "lpc43xx__ccu1__ccu1_peripheralIP" targetname: "lpc43xx__ccu1__clk_apb1_bus_cfg_registerIP" label: "D:\Documents\Ada\testing\src\lpc43xx-ccu1.ads:3411:7" }
edge: { sourcename: "lpc43xx__ccu1__ccu1_peripheralIP" targetname: "lpc43xx__ccu1__clk_apb3_can0_cfg_registerIP" label: "D:\Documents\Ada\testing\src\lpc43xx-ccu1.ads:3407:7" }
edge: { sourcename: "lpc43xx__ccu1__ccu1_peripheralIP" targetname: "lpc43xx__ccu1__clk_apb3_adc1_cfg_registerIP" label: "D:\Documents\Ada\testing\src\lpc43xx-ccu1.ads:3403:7" }
edge: { sourcename: "lpc43xx__ccu1__ccu1_peripheralIP" targetname: "lpc43xx__ccu1__clk_apb3_adc0_cfg_registerIP" label: "D:\Documents\Ada\testing\src\lpc43xx-ccu1.ads:3399:7" }
edge: { sourcename: "lpc43xx__ccu1__ccu1_peripheralIP" targetname: "lpc43xx__ccu1__clk_apb3_dac_cfg_registerIP" label: "D:\Documents\Ada\testing\src\lpc43xx-ccu1.ads:3395:7" }
edge: { sourcename: "lpc43xx__ccu1__ccu1_peripheralIP" targetname: "lpc43xx__ccu1__clk_apb3_i2c1_cfg_registerIP" label: "D:\Documents\Ada\testing\src\lpc43xx-ccu1.ads:3391:7" }
edge: { sourcename: "lpc43xx__ccu1__ccu1_peripheralIP" targetname: "lpc43xx__ccu1__clk_apb3_bus_cfg_registerIP" label: "D:\Documents\Ada\testing\src\lpc43xx-ccu1.ads:3387:7" }
edge: { sourcename: "lpc43xx__ccu1__ccu1_peripheralIP" targetname: "lpc43xx__ccu1__pm_registerIP" label: "D:\Documents\Ada\testing\src\lpc43xx-ccu1.ads:3383:7" }
node: { title: "lpc43xx__ccu1__clk_adchs_stat_registerIP" label: "Clk_Adchs_Stat_Registerip\nD:\Documents\Ada\testing\src\lpc43xx-ccu1.ads:3353:9\n16 bytes (static)" }
node: { title: "lpc43xx__ccu1__clk_adchs_cfg_registerIP" label: "Clk_Adchs_Cfg_Registerip\nD:\Documents\Ada\testing\src\lpc43xx-ccu1.ads:3330:9\n16 bytes (static)" }
node: { title: "lpc43xx__ccu1__clk_spi_stat_registerIP" label: "Clk_Spi_Stat_Registerip\nD:\Documents\Ada\testing\src\lpc43xx-ccu1.ads:3268:9\n16 bytes (static)" }
node: { title: "lpc43xx__ccu1__clk_spi_cfg_registerIP" label: "Clk_Spi_Cfg_Registerip\nD:\Documents\Ada\testing\src\lpc43xx-ccu1.ads:3245:9\n16 bytes (static)" }
node: { title: "lpc43xx__ccu1__clk_usb1_stat_registerIP" label: "Clk_Usb1_Stat_Registerip\nD:\Documents\Ada\testing\src\lpc43xx-ccu1.ads:3183:9\n16 bytes (static)" }
node: { title: "lpc43xx__ccu1__clk_usb1_cfg_registerIP" label: "Clk_Usb1_Cfg_Registerip\nD:\Documents\Ada\testing\src\lpc43xx-ccu1.ads:3160:9\n16 bytes (static)" }
node: { title: "lpc43xx__ccu1__clk_usb0_stat_registerIP" label: "Clk_Usb0_Stat_Registerip\nD:\Documents\Ada\testing\src\lpc43xx-ccu1.ads:3098:9\n16 bytes (static)" }
node: { title: "lpc43xx__ccu1__clk_usb0_cfg_registerIP" label: "Clk_Usb0_Cfg_Registerip\nD:\Documents\Ada\testing\src\lpc43xx-ccu1.ads:3075:9\n16 bytes (static)" }
node: { title: "lpc43xx__ccu1__clk_periph_sgpio_stat_registerIP" label: "Clk_Periph_Sgpio_Stat_Registerip\nD:\Documents\Ada\testing\src\lpc43xx-ccu1.ads:3013:9\n16 bytes (static)" }
node: { title: "lpc43xx__ccu1__clk_periph_sgpio_cfg_registerIP" label: "Clk_Periph_Sgpio_Cfg_Registerip\nD:\Documents\Ada\testing\src\lpc43xx-ccu1.ads:2990:9\n16 bytes (static)" }
node: { title: "lpc43xx__ccu1__clk_periph_core_stat_registerIP" label: "Clk_Periph_Core_Stat_Registerip\nD:\Documents\Ada\testing\src\lpc43xx-ccu1.ads:2952:9\n16 bytes (static)" }
node: { title: "lpc43xx__ccu1__clk_periph_core_cfg_registerIP" label: "Clk_Periph_Core_Cfg_Registerip\nD:\Documents\Ada\testing\src\lpc43xx-ccu1.ads:2929:9\n16 bytes (static)" }
node: { title: "lpc43xx__ccu1__clk_periph_bus_stat_registerIP" label: "Clk_Periph_Bus_Stat_Registerip\nD:\Documents\Ada\testing\src\lpc43xx-ccu1.ads:2891:9\n16 bytes (static)" }
node: { title: "lpc43xx__ccu1__clk_periph_bus_cfg_registerIP" label: "Clk_Periph_Bus_Cfg_Registerip\nD:\Documents\Ada\testing\src\lpc43xx-ccu1.ads:2868:9\n16 bytes (static)" }
node: { title: "lpc43xx__ccu1__clk_m4_qei_stat_registerIP" label: "Clk_M4_Qei_Stat_Registerip\nD:\Documents\Ada\testing\src\lpc43xx-ccu1.ads:2830:9\n16 bytes (static)" }
node: { title: "lpc43xx__ccu1__clk_m4_qei_cfg_registerIP" label: "Clk_M4_Qei_Cfg_Registerip\nD:\Documents\Ada\testing\src\lpc43xx-ccu1.ads:2807:9\n16 bytes (static)" }
node: { title: "lpc43xx__ccu1__clk_m4_ssp1_stat_registerIP" label: "Clk_M4_Ssp1_Stat_Registerip\nD:\Documents\Ada\testing\src\lpc43xx-ccu1.ads:2769:9\n16 bytes (static)" }
node: { title: "lpc43xx__ccu1__clk_m4_ssp1_cfg_registerIP" label: "Clk_M4_Ssp1_Cfg_Registerip\nD:\Documents\Ada\testing\src\lpc43xx-ccu1.ads:2746:9\n16 bytes (static)" }
node: { title: "lpc43xx__ccu1__clk_m4_timer3_stat_registerIP" label: "Clk_M4_Timer3_Stat_Registerip\nD:\Documents\Ada\testing\src\lpc43xx-ccu1.ads:2708:9\n16 bytes (static)" }
node: { title: "lpc43xx__ccu1__clk_m4_timer3_cfg_registerIP" label: "Clk_M4_Timer3_Cfg_Registerip\nD:\Documents\Ada\testing\src\lpc43xx-ccu1.ads:2685:9\n16 bytes (static)" }
node: { title: "lpc43xx__ccu1__clk_m4_timer2_stat_registerIP" label: "Clk_M4_Timer2_Stat_Registerip\nD:\Documents\Ada\testing\src\lpc43xx-ccu1.ads:2647:9\n16 bytes (static)" }
node: { title: "lpc43xx__ccu1__clk_m4_timer2_cfg_registerIP" label: "Clk_M4_Timer2_Cfg_Registerip\nD:\Documents\Ada\testing\src\lpc43xx-ccu1.ads:2624:9\n16 bytes (static)" }
node: { title: "lpc43xx__ccu1__clk_m4_usart3_stat_registerIP" label: "Clk_M4_Usart3_Stat_Registerip\nD:\Documents\Ada\testing\src\lpc43xx-ccu1.ads:2586:9\n16 bytes (static)" }
node: { title: "lpc43xx__ccu1__clk_m4_usart3_cfg_registerIP" label: "Clk_M4_Usart3_Cfg_Registerip\nD:\Documents\Ada\testing\src\lpc43xx-ccu1.ads:2563:9\n16 bytes (static)" }
node: { title: "lpc43xx__ccu1__clk_m4_usart2_stat_registerIP" label: "Clk_M4_Usart2_Stat_Registerip\nD:\Documents\Ada\testing\src\lpc43xx-ccu1.ads:2525:9\n16 bytes (static)" }
node: { title: "lpc43xx__ccu1__clk_m4_usart2_cfg_registerIP" label: "Clk_M4_Usart2_Cfg_Registerip\nD:\Documents\Ada\testing\src\lpc43xx-ccu1.ads:2502:9\n16 bytes (static)" }
node: { title: "lpc43xx__ccu1__clk_m4_ritimer_stat_registerIP" label: "Clk_M4_Ritimer_Stat_Registerip\nD:\Documents\Ada\testing\src\lpc43xx-ccu1.ads:2464:9\n16 bytes (static)" }
node: { title: "lpc43xx__ccu1__clk_m4_ritimer_cfg_registerIP" label: "Clk_M4_Ritimer_Cfg_Registerip\nD:\Documents\Ada\testing\src\lpc43xx-ccu1.ads:2441:9\n16 bytes (static)" }
node: { title: "lpc43xx__ccu1__clk_m4_creg_stat_registerIP" label: "Clk_M4_Creg_Stat_Registerip\nD:\Documents\Ada\testing\src\lpc43xx-ccu1.ads:2403:9\n16 bytes (static)" }
node: { title: "lpc43xx__ccu1__clk_m4_creg_cfg_registerIP" label: "Clk_M4_Creg_Cfg_Registerip\nD:\Documents\Ada\testing\src\lpc43xx-ccu1.ads:2380:9\n16 bytes (static)" }
node: { title: "lpc43xx__ccu1__clk_m4_scu_stat_registerIP" label: "Clk_M4_Scu_Stat_Registerip\nD:\Documents\Ada\testing\src\lpc43xx-ccu1.ads:2342:9\n16 bytes (static)" }
node: { title: "lpc43xx__ccu1__clk_m4_scu_cfg_registerIP" label: "Clk_M4_Scu_Cfg_Registerip\nD:\Documents\Ada\testing\src\lpc43xx-ccu1.ads:2319:9\n16 bytes (static)" }
node: { title: "lpc43xx__ccu1__clk_m4_timer1_stat_registerIP" label: "Clk_M4_Timer1_Stat_Registerip\nD:\Documents\Ada\testing\src\lpc43xx-ccu1.ads:2281:9\n16 bytes (static)" }
node: { title: "lpc43xx__ccu1__clk_m4_timer1_cfg_registerIP" label: "Clk_M4_Timer1_Cfg_Registerip\nD:\Documents\Ada\testing\src\lpc43xx-ccu1.ads:2258:9\n16 bytes (static)" }
node: { title: "lpc43xx__ccu1__clk_m4_timer0_stat_registerIP" label: "Clk_M4_Timer0_Stat_Registerip\nD:\Documents\Ada\testing\src\lpc43xx-ccu1.ads:2220:9\n16 bytes (static)" }
node: { title: "lpc43xx__ccu1__clk_m4_timer0_cfg_registerIP" label: "Clk_M4_Timer0_Cfg_Registerip\nD:\Documents\Ada\testing\src\lpc43xx-ccu1.ads:2197:9\n16 bytes (static)" }
node: { title: "lpc43xx__ccu1__clk_m4_ssp0_stat_registerIP" label: "Clk_M4_Ssp0_Stat_Registerip\nD:\Documents\Ada\testing\src\lpc43xx-ccu1.ads:2159:9\n16 bytes (static)" }
node: { title: "lpc43xx__ccu1__clk_m4_ssp0_cfg_registerIP" label: "Clk_M4_Ssp0_Cfg_Registerip\nD:\Documents\Ada\testing\src\lpc43xx-ccu1.ads:2136:9\n16 bytes (static)" }
node: { title: "lpc43xx__ccu1__clk_m4_uart1_stat_registerIP" label: "Clk_M4_Uart1_Stat_Registerip\nD:\Documents\Ada\testing\src\lpc43xx-ccu1.ads:2098:9\n16 bytes (static)" }
node: { title: "lpc43xx__ccu1__clk_m4_uart1_cfg_registerIP" label: "Clk_M4_Uart1_Cfg_Registerip\nD:\Documents\Ada\testing\src\lpc43xx-ccu1.ads:2075:9\n16 bytes (static)" }
node: { title: "lpc43xx__ccu1__clk_m4_usart0_stat_registerIP" label: "Clk_M4_Usart0_Stat_Registerip\nD:\Documents\Ada\testing\src\lpc43xx-ccu1.ads:2037:9\n16 bytes (static)" }
node: { title: "lpc43xx__ccu1__clk_m4_usart0_cfg_registerIP" label: "Clk_M4_Usart0_Cfg_Registerip\nD:\Documents\Ada\testing\src\lpc43xx-ccu1.ads:2014:9\n16 bytes (static)" }
node: { title: "lpc43xx__ccu1__clk_m4_wwdt_stat_registerIP" label: "Clk_M4_Wwdt_Stat_Registerip\nD:\Documents\Ada\testing\src\lpc43xx-ccu1.ads:1976:9\n16 bytes (static)" }
node: { title: "lpc43xx__ccu1__clk_m4_wwdt_cfg_registerIP" label: "Clk_M4_Wwdt_Cfg_Registerip\nD:\Documents\Ada\testing\src\lpc43xx-ccu1.ads:1953:9\n16 bytes (static)" }
node: { title: "lpc43xx__ccu1__clk_m4_eeprom_stat_registerIP" label: "Clk_M4_Eeprom_Stat_Registerip\nD:\Documents\Ada\testing\src\lpc43xx-ccu1.ads:1915:9\n16 bytes (static)" }
node: { title: "lpc43xx__ccu1__clk_m4_eeprom_cfg_registerIP" label: "Clk_M4_Eeprom_Cfg_Registerip\nD:\Documents\Ada\testing\src\lpc43xx-ccu1.ads:1892:9\n16 bytes (static)" }
node: { title: "lpc43xx__ccu1__clk_m4_adchs_stat_registerIP" label: "Clk_M4_Adchs_Stat_Registerip\nD:\Documents\Ada\testing\src\lpc43xx-ccu1.ads:1854:9\n16 bytes (static)" }
node: { title: "lpc43xx__ccu1__clk_m4_adchs_cfg_registerIP" label: "Clk_M4_Adchs_Cfg_Registerip\nD:\Documents\Ada\testing\src\lpc43xx-ccu1.ads:1831:9\n16 bytes (static)" }
node: { title: "lpc43xx__ccu1__clk_m4_m0app_stat_registerIP" label: "Clk_M4_M0app_Stat_Registerip\nD:\Documents\Ada\testing\src\lpc43xx-ccu1.ads:1793:9\n16 bytes (static)" }
node: { title: "lpc43xx__ccu1__clk_m4_m0app_cfg_registerIP" label: "Clk_M4_M0app_Cfg_Registerip\nD:\Documents\Ada\testing\src\lpc43xx-ccu1.ads:1770:9\n16 bytes (static)" }
node: { title: "lpc43xx__ccu1__clk_m4_flashb_stat_registerIP" label: "Clk_M4_Flashb_Stat_Registerip\nD:\Documents\Ada\testing\src\lpc43xx-ccu1.ads:1732:9\n16 bytes (static)" }
node: { title: "lpc43xx__ccu1__clk_m4_flashb_cfg_registerIP" label: "Clk_M4_Flashb_Cfg_Registerip\nD:\Documents\Ada\testing\src\lpc43xx-ccu1.ads:1709:9\n16 bytes (static)" }
node: { title: "lpc43xx__ccu1__clk_m4_flasha_stat_registerIP" label: "Clk_M4_Flasha_Stat_Registerip\nD:\Documents\Ada\testing\src\lpc43xx-ccu1.ads:1671:9\n16 bytes (static)" }
node: { title: "lpc43xx__ccu1__clk_m4_flasha_cfg_registerIP" label: "Clk_M4_Flasha_Cfg_Registerip\nD:\Documents\Ada\testing\src\lpc43xx-ccu1.ads:1648:9\n16 bytes (static)" }
node: { title: "lpc43xx__ccu1__clk_m4_emcdiv_stat_registerIP" label: "Clk_M4_Emcdiv_Stat_Registerip\nD:\Documents\Ada\testing\src\lpc43xx-ccu1.ads:1610:9\n16 bytes (static)" }
node: { title: "lpc43xx__ccu1__clk_m4_emcdiv_cfg_registerIP" label: "Clk_M4_Emcdiv_Cfg_Registerip\nD:\Documents\Ada\testing\src\lpc43xx-ccu1.ads:1581:9\n16 bytes (static)" }
node: { title: "lpc43xx__ccu1__clk_m4_usb1_stat_registerIP" label: "Clk_M4_Usb1_Stat_Registerip\nD:\Documents\Ada\testing\src\lpc43xx-ccu1.ads:1529:9\n16 bytes (static)" }
node: { title: "lpc43xx__ccu1__clk_m4_usb1_cfg_registerIP" label: "Clk_M4_Usb1_Cfg_Registerip\nD:\Documents\Ada\testing\src\lpc43xx-ccu1.ads:1506:9\n16 bytes (static)" }
node: { title: "lpc43xx__ccu1__clk_m4_sct_stat_registerIP" label: "Clk_M4_Sct_Stat_Registerip\nD:\Documents\Ada\testing\src\lpc43xx-ccu1.ads:1468:9\n16 bytes (static)" }
node: { title: "lpc43xx__ccu1__clk_m4_sct_cfg_registerIP" label: "Clk_M4_Sct_Cfg_Registerip\nD:\Documents\Ada\testing\src\lpc43xx-ccu1.ads:1445:9\n16 bytes (static)" }
node: { title: "lpc43xx__ccu1__clk_m4_m4core_stat_registerIP" label: "Clk_M4_M4core_Stat_Registerip\nD:\Documents\Ada\testing\src\lpc43xx-ccu1.ads:1407:9\n16 bytes (static)" }
node: { title: "lpc43xx__ccu1__clk_m4_m4core_cfg_registerIP" label: "Clk_M4_M4core_Cfg_Registerip\nD:\Documents\Ada\testing\src\lpc43xx-ccu1.ads:1384:9\n16 bytes (static)" }
node: { title: "lpc43xx__ccu1__clk_m4_dma_stat_registerIP" label: "Clk_M4_Dma_Stat_Registerip\nD:\Documents\Ada\testing\src\lpc43xx-ccu1.ads:1346:9\n16 bytes (static)" }
node: { title: "lpc43xx__ccu1__clk_m4_dma_cfg_registerIP" label: "Clk_M4_Dma_Cfg_Registerip\nD:\Documents\Ada\testing\src\lpc43xx-ccu1.ads:1323:9\n16 bytes (static)" }
node: { title: "lpc43xx__ccu1__clk_m4_sdio_stat_registerIP" label: "Clk_M4_Sdio_Stat_Registerip\nD:\Documents\Ada\testing\src\lpc43xx-ccu1.ads:1285:9\n16 bytes (static)" }
node: { title: "lpc43xx__ccu1__clk_m4_sdio_cfg_registerIP" label: "Clk_M4_Sdio_Cfg_Registerip\nD:\Documents\Ada\testing\src\lpc43xx-ccu1.ads:1262:9\n16 bytes (static)" }
node: { title: "lpc43xx__ccu1__clk_m4_emc_stat_registerIP" label: "Clk_M4_Emc_Stat_Registerip\nD:\Documents\Ada\testing\src\lpc43xx-ccu1.ads:1224:9\n16 bytes (static)" }
node: { title: "lpc43xx__ccu1__clk_m4_emc_cfg_registerIP" label: "Clk_M4_Emc_Cfg_Registerip\nD:\Documents\Ada\testing\src\lpc43xx-ccu1.ads:1201:9\n16 bytes (static)" }
node: { title: "lpc43xx__ccu1__clk_m4_usb0_stat_registerIP" label: "Clk_M4_Usb0_Stat_Registerip\nD:\Documents\Ada\testing\src\lpc43xx-ccu1.ads:1163:9\n16 bytes (static)" }
node: { title: "lpc43xx__ccu1__clk_m4_usb0_cfg_registerIP" label: "Clk_M4_Usb0_Cfg_Registerip\nD:\Documents\Ada\testing\src\lpc43xx-ccu1.ads:1140:9\n16 bytes (static)" }
node: { title: "lpc43xx__ccu1__clk_m4_ethernet_stat_registerIP" label: "Clk_M4_Ethernet_Stat_Registerip\nD:\Documents\Ada\testing\src\lpc43xx-ccu1.ads:1102:9\n16 bytes (static)" }
node: { title: "lpc43xx__ccu1__clk_m4_ethernet_cfg_registerIP" label: "Clk_M4_Ethernet_Cfg_Registerip\nD:\Documents\Ada\testing\src\lpc43xx-ccu1.ads:1079:9\n16 bytes (static)" }
node: { title: "lpc43xx__ccu1__clk_m4_lcd_stat_registerIP" label: "Clk_M4_Lcd_Stat_Registerip\nD:\Documents\Ada\testing\src\lpc43xx-ccu1.ads:1041:9\n16 bytes (static)" }
node: { title: "lpc43xx__ccu1__clk_m4_lcd_cfg_registerIP" label: "Clk_M4_Lcd_Cfg_Registerip\nD:\Documents\Ada\testing\src\lpc43xx-ccu1.ads:1018:9\n16 bytes (static)" }
node: { title: "lpc43xx__ccu1__clk_m4_gpio_stat_registerIP" label: "Clk_M4_Gpio_Stat_Registerip\nD:\Documents\Ada\testing\src\lpc43xx-ccu1.ads:980:9\n16 bytes (static)" }
node: { title: "lpc43xx__ccu1__clk_m4_gpio_cfg_registerIP" label: "Clk_M4_Gpio_Cfg_Registerip\nD:\Documents\Ada\testing\src\lpc43xx-ccu1.ads:957:9\n16 bytes (static)" }
node: { title: "lpc43xx__ccu1__clk_m4_spifi_stat_registerIP" label: "Clk_M4_Spifi_Stat_Registerip\nD:\Documents\Ada\testing\src\lpc43xx-ccu1.ads:919:9\n16 bytes (static)" }
node: { title: "lpc43xx__ccu1__clk_m4_spifi_cfg_registerIP" label: "Clk_M4_Spifi_Cfg_Registerip\nD:\Documents\Ada\testing\src\lpc43xx-ccu1.ads:896:9\n16 bytes (static)" }
node: { title: "lpc43xx__ccu1__clk_m4_bus_stat_registerIP" label: "Clk_M4_Bus_Stat_Registerip\nD:\Documents\Ada\testing\src\lpc43xx-ccu1.ads:858:9\n16 bytes (static)" }
node: { title: "lpc43xx__ccu1__clk_m4_bus_cfg_registerIP" label: "Clk_M4_Bus_Cfg_Registerip\nD:\Documents\Ada\testing\src\lpc43xx-ccu1.ads:835:9\n16 bytes (static)" }
node: { title: "lpc43xx__ccu1__clk_spifi_stat_registerIP" label: "Clk_Spifi_Stat_Registerip\nD:\Documents\Ada\testing\src\lpc43xx-ccu1.ads:797:9\n16 bytes (static)" }
node: { title: "lpc43xx__ccu1__clk_spifi_cfg_registerIP" label: "Clk_Spifi_Cfg_Registerip\nD:\Documents\Ada\testing\src\lpc43xx-ccu1.ads:774:9\n16 bytes (static)" }
node: { title: "lpc43xx__ccu1__clk_apb1_can1_stat_registerIP" label: "Clk_Apb1_Can1_Stat_Registerip\nD:\Documents\Ada\testing\src\lpc43xx-ccu1.ads:736:9\n16 bytes (static)" }
node: { title: "lpc43xx__ccu1__clk_apb1_can1_cfg_registerIP" label: "Clk_Apb1_Can1_Cfg_Registerip\nD:\Documents\Ada\testing\src\lpc43xx-ccu1.ads:713:9\n16 bytes (static)" }
node: { title: "lpc43xx__ccu1__clk_apb1_i2s_stat_registerIP" label: "Clk_Apb1_I2s_Stat_Registerip\nD:\Documents\Ada\testing\src\lpc43xx-ccu1.ads:675:9\n16 bytes (static)" }
node: { title: "lpc43xx__ccu1__clk_apb1_i2s_cfg_registerIP" label: "Clk_Apb1_I2s_Cfg_Registerip\nD:\Documents\Ada\testing\src\lpc43xx-ccu1.ads:652:9\n16 bytes (static)" }
node: { title: "lpc43xx__ccu1__clk_apb1_i2c0_stat_registerIP" label: "Clk_Apb1_I2c0_Stat_Registerip\nD:\Documents\Ada\testing\src\lpc43xx-ccu1.ads:614:9\n16 bytes (static)" }
node: { title: "lpc43xx__ccu1__clk_apb1_i2c0_cfg_registerIP" label: "Clk_Apb1_I2c0_Cfg_Registerip\nD:\Documents\Ada\testing\src\lpc43xx-ccu1.ads:591:9\n16 bytes (static)" }
node: { title: "lpc43xx__ccu1__clk_apb1_motoconpwm_stat_registerIP" label: "Clk_Apb1_Motoconpwm_Stat_Registerip\nD:\Documents\Ada\testing\src\lpc43xx-ccu1.ads:553:9\n16 bytes (static)" }
node: { title: "lpc43xx__ccu1__clk_apb1_motoconpwm_cfg_registerIP" label: "Clk_Apb1_Motoconpwm_Cfg_Registerip\nD:\Documents\Ada\testing\src\lpc43xx-ccu1.ads:530:9\n16 bytes (static)" }
node: { title: "lpc43xx__ccu1__clk_apb1_bus_stat_registerIP" label: "Clk_Apb1_Bus_Stat_Registerip\nD:\Documents\Ada\testing\src\lpc43xx-ccu1.ads:492:9\n16 bytes (static)" }
node: { title: "lpc43xx__ccu1__clk_apb1_bus_cfg_registerIP" label: "Clk_Apb1_Bus_Cfg_Registerip\nD:\Documents\Ada\testing\src\lpc43xx-ccu1.ads:469:9\n16 bytes (static)" }
node: { title: "lpc43xx__ccu1__clk_apb3_can0_stat_registerIP" label: "Clk_Apb3_Can0_Stat_Registerip\nD:\Documents\Ada\testing\src\lpc43xx-ccu1.ads:431:9\n16 bytes (static)" }
node: { title: "lpc43xx__ccu1__clk_apb3_can0_cfg_registerIP" label: "Clk_Apb3_Can0_Cfg_Registerip\nD:\Documents\Ada\testing\src\lpc43xx-ccu1.ads:408:9\n16 bytes (static)" }
node: { title: "lpc43xx__ccu1__clk_apb3_adc1_stat_registerIP" label: "Clk_Apb3_Adc1_Stat_Registerip\nD:\Documents\Ada\testing\src\lpc43xx-ccu1.ads:370:9\n16 bytes (static)" }
node: { title: "lpc43xx__ccu1__clk_apb3_adc1_cfg_registerIP" label: "Clk_Apb3_Adc1_Cfg_Registerip\nD:\Documents\Ada\testing\src\lpc43xx-ccu1.ads:347:9\n16 bytes (static)" }
node: { title: "lpc43xx__ccu1__clk_apb3_adc0_stat_registerIP" label: "Clk_Apb3_Adc0_Stat_Registerip\nD:\Documents\Ada\testing\src\lpc43xx-ccu1.ads:309:9\n16 bytes (static)" }
node: { title: "lpc43xx__ccu1__clk_apb3_adc0_cfg_registerIP" label: "Clk_Apb3_Adc0_Cfg_Registerip\nD:\Documents\Ada\testing\src\lpc43xx-ccu1.ads:286:9\n16 bytes (static)" }
node: { title: "lpc43xx__ccu1__clk_apb3_dac_stat_registerIP" label: "Clk_Apb3_Dac_Stat_Registerip\nD:\Documents\Ada\testing\src\lpc43xx-ccu1.ads:248:9\n16 bytes (static)" }
node: { title: "lpc43xx__ccu1__clk_apb3_dac_cfg_registerIP" label: "Clk_Apb3_Dac_Cfg_Registerip\nD:\Documents\Ada\testing\src\lpc43xx-ccu1.ads:225:9\n16 bytes (static)" }
node: { title: "lpc43xx__ccu1__clk_apb3_i2c1_stat_registerIP" label: "Clk_Apb3_I2c1_Stat_Registerip\nD:\Documents\Ada\testing\src\lpc43xx-ccu1.ads:187:9\n16 bytes (static)" }
node: { title: "lpc43xx__ccu1__clk_apb3_i2c1_cfg_registerIP" label: "Clk_Apb3_I2c1_Cfg_Registerip\nD:\Documents\Ada\testing\src\lpc43xx-ccu1.ads:164:9\n16 bytes (static)" }
node: { title: "lpc43xx__ccu1__clk_apb3_bus_stat_registerIP" label: "Clk_Apb3_Bus_Stat_Registerip\nD:\Documents\Ada\testing\src\lpc43xx-ccu1.ads:126:9\n16 bytes (static)" }
node: { title: "lpc43xx__ccu1__clk_apb3_bus_cfg_registerIP" label: "Clk_Apb3_Bus_Cfg_Registerip\nD:\Documents\Ada\testing\src\lpc43xx-ccu1.ads:103:9\n16 bytes (static)" }
node: { title: "lpc43xx__ccu1__base_stat_registerIP" label: "Base_Stat_Registerip\nD:\Documents\Ada\testing\src\lpc43xx-ccu1.ads:50:9\n16 bytes (static)" }
node: { title: "lpc43xx__ccu1__pm_registerIP" label: "Pm_Registerip\nD:\Documents\Ada\testing\src\lpc43xx-ccu1.ads:32:9\n16 bytes (static)" }
}
