graph: { title: "D:\Documents\Ada\testing\src\lpc43xx-gpio_port.ads"
node: { title: "lpc43xx__gpio_port__gpio_port_peripheralIP" label: "Gpio_Port_Peripheralip\nD:\Documents\Ada\testing\src\lpc43xx-gpio_port.ads:251:9\n72 bytes (static)" }
edge: { sourcename: "lpc43xx__gpio_port__gpio_port_peripheralIP" targetname: "lpc43xx__gpio_port__Tnot_registersBIP" label: "D:\Documents\Ada\testing\src\lpc43xx-gpio_port.ads:269:7" }
edge: { sourcename: "lpc43xx__gpio_port__gpio_port_peripheralIP" targetname: "lpc43xx__gpio_port__Tclr_registersBIP" label: "D:\Documents\Ada\testing\src\lpc43xx-gpio_port.ads:267:7" }
edge: { sourcename: "lpc43xx__gpio_port__gpio_port_peripheralIP" targetname: "lpc43xx__gpio_port__Tset_registersBIP" label: "D:\Documents\Ada\testing\src\lpc43xx-gpio_port.ads:265:7" }
edge: { sourcename: "lpc43xx__gpio_port__gpio_port_peripheralIP" targetname: "lpc43xx__gpio_port__Tmpin_registersBIP" label: "D:\Documents\Ada\testing\src\lpc43xx-gpio_port.ads:263:7" }
edge: { sourcename: "lpc43xx__gpio_port__gpio_port_peripheralIP" targetname: "lpc43xx__gpio_port__Tpin_registersBIP" label: "D:\Documents\Ada\testing\src\lpc43xx-gpio_port.ads:261:7" }
edge: { sourcename: "lpc43xx__gpio_port__gpio_port_peripheralIP" targetname: "lpc43xx__gpio_port__Tmask_registersBIP" label: "D:\Documents\Ada\testing\src\lpc43xx-gpio_port.ads:259:7" }
edge: { sourcename: "lpc43xx__gpio_port__gpio_port_peripheralIP" targetname: "lpc43xx__gpio_port__Tdir_registersBIP" label: "D:\Documents\Ada\testing\src\lpc43xx-gpio_port.ads:257:7" }
edge: { sourcename: "lpc43xx__gpio_port__gpio_port_peripheralIP" targetname: "lpc43xx__gpio_port__Tb_registersBIP" label: "D:\Documents\Ada\testing\src\lpc43xx-gpio_port.ads:253:7" }
node: { title: "lpc43xx__gpio_port__Tnot_registersBIP" label: "Tnot_Registersbip\nD:\Documents\Ada\testing\src\lpc43xx-gpio_port.ads:243:4\n32 bytes (static)" }
edge: { sourcename: "lpc43xx__gpio_port__Tnot_registersBIP" targetname: "lpc43xx__gpio_port__not_registerIP" label: "D:\Documents\Ada\testing\src\lpc43xx-gpio_port.ads:243:4" }
node: { title: "lpc43xx__gpio_port__not_registerIP" label: "Not_Registerip\nD:\Documents\Ada\testing\src\lpc43xx-gpio_port.ads:222:9\n16 bytes (static)" }
node: { title: "lpc43xx__gpio_port__not_registerEQ" label: "Not_Registereq\nD:\Documents\Ada\testing\src\lpc43xx-gpio_port.ads:222:9\n32 bytes (static)" }
edge: { sourcename: "lpc43xx__gpio_port__not_registerEQ" targetname: "D:\Documents\Ada\testing\src\lpc43xx-gpio_port.ads:lpc43xx__gpio_port__not_registerEQ__E134s.6111" label: "D:\Documents\Ada\testing\src\lpc43xx-gpio_port.ads:222:9" }
node: { title: "D:\Documents\Ada\testing\src\lpc43xx-gpio_port.ads:lpc43xx__gpio_port__not_registerEQ__E134s.6111" label: "E134s\nD:\Documents\Ada\testing\src\lpc43xx-gpio_port.ads:222:9\n24 bytes (static)" }
node: { title: "lpc43xx__gpio_port__Tnot_notp_field_arrayBIP" label: "Tnot_Notp_Field_Arraybip\nD:\Documents\Ada\testing\src\lpc43xx-gpio_port.ads:218:4\n16 bytes (static)" }
node: { title: "lpc43xx__gpio_port__Tclr_registersBIP" label: "Tclr_Registersbip\nD:\Documents\Ada\testing\src\lpc43xx-gpio_port.ads:214:4\n32 bytes (static)" }
edge: { sourcename: "lpc43xx__gpio_port__Tclr_registersBIP" targetname: "lpc43xx__gpio_port__clr_registerIP" label: "D:\Documents\Ada\testing\src\lpc43xx-gpio_port.ads:214:4" }
node: { title: "lpc43xx__gpio_port__clr_registerIP" label: "Clr_Registerip\nD:\Documents\Ada\testing\src\lpc43xx-gpio_port.ads:193:9\n16 bytes (static)" }
node: { title: "lpc43xx__gpio_port__clr_registerEQ" label: "Clr_Registereq\nD:\Documents\Ada\testing\src\lpc43xx-gpio_port.ads:193:9\n32 bytes (static)" }
edge: { sourcename: "lpc43xx__gpio_port__clr_registerEQ" targetname: "D:\Documents\Ada\testing\src\lpc43xx-gpio_port.ads:lpc43xx__gpio_port__clr_registerEQ__E118s.6096" label: "D:\Documents\Ada\testing\src\lpc43xx-gpio_port.ads:193:9" }
node: { title: "D:\Documents\Ada\testing\src\lpc43xx-gpio_port.ads:lpc43xx__gpio_port__clr_registerEQ__E118s.6096" label: "E118s\nD:\Documents\Ada\testing\src\lpc43xx-gpio_port.ads:193:9\n24 bytes (static)" }
node: { title: "lpc43xx__gpio_port__Tclr_clrp_field_arrayBIP" label: "Tclr_Clrp_Field_Arraybip\nD:\Documents\Ada\testing\src\lpc43xx-gpio_port.ads:189:4\n16 bytes (static)" }
node: { title: "lpc43xx__gpio_port__Tset_registersBIP" label: "Tset_Registersbip\nD:\Documents\Ada\testing\src\lpc43xx-gpio_port.ads:185:4\n32 bytes (static)" }
edge: { sourcename: "lpc43xx__gpio_port__Tset_registersBIP" targetname: "lpc43xx__gpio_port__set_registerIP" label: "D:\Documents\Ada\testing\src\lpc43xx-gpio_port.ads:185:4" }
node: { title: "lpc43xx__gpio_port__set_registerIP" label: "Set_Registerip\nD:\Documents\Ada\testing\src\lpc43xx-gpio_port.ads:164:9\n16 bytes (static)" }
node: { title: "lpc43xx__gpio_port__set_registerEQ" label: "Set_Registereq\nD:\Documents\Ada\testing\src\lpc43xx-gpio_port.ads:164:9\n32 bytes (static)" }
edge: { sourcename: "lpc43xx__gpio_port__set_registerEQ" targetname: "D:\Documents\Ada\testing\src\lpc43xx-gpio_port.ads:lpc43xx__gpio_port__set_registerEQ__E102s.6081" label: "D:\Documents\Ada\testing\src\lpc43xx-gpio_port.ads:164:9" }
node: { title: "D:\Documents\Ada\testing\src\lpc43xx-gpio_port.ads:lpc43xx__gpio_port__set_registerEQ__E102s.6081" label: "E102s\nD:\Documents\Ada\testing\src\lpc43xx-gpio_port.ads:164:9\n24 bytes (static)" }
node: { title: "lpc43xx__gpio_port__Tset_setp_field_arrayBIP" label: "Tset_Setp_Field_Arraybip\nD:\Documents\Ada\testing\src\lpc43xx-gpio_port.ads:160:4\n16 bytes (static)" }
node: { title: "lpc43xx__gpio_port__Tmpin_registersBIP" label: "Tmpin_Registersbip\nD:\Documents\Ada\testing\src\lpc43xx-gpio_port.ads:156:4\n32 bytes (static)" }
edge: { sourcename: "lpc43xx__gpio_port__Tmpin_registersBIP" targetname: "lpc43xx__gpio_port__mpin_registerIP" label: "D:\Documents\Ada\testing\src\lpc43xx-gpio_port.ads:156:4" }
node: { title: "lpc43xx__gpio_port__mpin_registerIP" label: "Mpin_Registerip\nD:\Documents\Ada\testing\src\lpc43xx-gpio_port.ads:135:9\n16 bytes (static)" }
node: { title: "lpc43xx__gpio_port__mpin_registerEQ" label: "Mpin_Registereq\nD:\Documents\Ada\testing\src\lpc43xx-gpio_port.ads:135:9\n32 bytes (static)" }
edge: { sourcename: "lpc43xx__gpio_port__mpin_registerEQ" targetname: "D:\Documents\Ada\testing\src\lpc43xx-gpio_port.ads:lpc43xx__gpio_port__mpin_registerEQ__E86s.6066" label: "D:\Documents\Ada\testing\src\lpc43xx-gpio_port.ads:135:9" }
node: { title: "D:\Documents\Ada\testing\src\lpc43xx-gpio_port.ads:lpc43xx__gpio_port__mpin_registerEQ__E86s.6066" label: "E86s\nD:\Documents\Ada\testing\src\lpc43xx-gpio_port.ads:135:9\n24 bytes (static)" }
node: { title: "lpc43xx__gpio_port__Tmpin_mportp_field_arrayBIP" label: "Tmpin_Mportp_Field_Arraybip\nD:\Documents\Ada\testing\src\lpc43xx-gpio_port.ads:131:4\n16 bytes (static)" }
node: { title: "lpc43xx__gpio_port__Tpin_registersBIP" label: "Tpin_Registersbip\nD:\Documents\Ada\testing\src\lpc43xx-gpio_port.ads:127:4\n32 bytes (static)" }
edge: { sourcename: "lpc43xx__gpio_port__Tpin_registersBIP" targetname: "lpc43xx__gpio_port__pin_registerIP" label: "D:\Documents\Ada\testing\src\lpc43xx-gpio_port.ads:127:4" }
node: { title: "lpc43xx__gpio_port__pin_registerIP" label: "Pin_Registerip\nD:\Documents\Ada\testing\src\lpc43xx-gpio_port.ads:106:9\n16 bytes (static)" }
node: { title: "lpc43xx__gpio_port__pin_registerEQ" label: "Pin_Registereq\nD:\Documents\Ada\testing\src\lpc43xx-gpio_port.ads:106:9\n32 bytes (static)" }
edge: { sourcename: "lpc43xx__gpio_port__pin_registerEQ" targetname: "D:\Documents\Ada\testing\src\lpc43xx-gpio_port.ads:lpc43xx__gpio_port__pin_registerEQ__E70s.6051" label: "D:\Documents\Ada\testing\src\lpc43xx-gpio_port.ads:106:9" }
node: { title: "D:\Documents\Ada\testing\src\lpc43xx-gpio_port.ads:lpc43xx__gpio_port__pin_registerEQ__E70s.6051" label: "E70s\nD:\Documents\Ada\testing\src\lpc43xx-gpio_port.ads:106:9\n24 bytes (static)" }
node: { title: "lpc43xx__gpio_port__Tpin_port_field_arrayBIP" label: "Tpin_Port_Field_Arraybip\nD:\Documents\Ada\testing\src\lpc43xx-gpio_port.ads:102:4\n16 bytes (static)" }
node: { title: "lpc43xx__gpio_port__Tmask_registersBIP" label: "Tmask_Registersbip\nD:\Documents\Ada\testing\src\lpc43xx-gpio_port.ads:98:4\n32 bytes (static)" }
edge: { sourcename: "lpc43xx__gpio_port__Tmask_registersBIP" targetname: "lpc43xx__gpio_port__mask_registerIP" label: "D:\Documents\Ada\testing\src\lpc43xx-gpio_port.ads:98:4" }
node: { title: "lpc43xx__gpio_port__mask_registerIP" label: "Mask_Registerip\nD:\Documents\Ada\testing\src\lpc43xx-gpio_port.ads:77:9\n16 bytes (static)" }
node: { title: "lpc43xx__gpio_port__mask_registerEQ" label: "Mask_Registereq\nD:\Documents\Ada\testing\src\lpc43xx-gpio_port.ads:77:9\n32 bytes (static)" }
edge: { sourcename: "lpc43xx__gpio_port__mask_registerEQ" targetname: "D:\Documents\Ada\testing\src\lpc43xx-gpio_port.ads:lpc43xx__gpio_port__mask_registerEQ__E54s.6036" label: "D:\Documents\Ada\testing\src\lpc43xx-gpio_port.ads:77:9" }
node: { title: "D:\Documents\Ada\testing\src\lpc43xx-gpio_port.ads:lpc43xx__gpio_port__mask_registerEQ__E54s.6036" label: "E54s\nD:\Documents\Ada\testing\src\lpc43xx-gpio_port.ads:77:9\n24 bytes (static)" }
node: { title: "lpc43xx__gpio_port__Tmask_maskp_field_arrayBIP" label: "Tmask_Maskp_Field_Arraybip\nD:\Documents\Ada\testing\src\lpc43xx-gpio_port.ads:73:4\n16 bytes (static)" }
node: { title: "lpc43xx__gpio_port__Tdir_registersBIP" label: "Tdir_Registersbip\nD:\Documents\Ada\testing\src\lpc43xx-gpio_port.ads:69:4\n32 bytes (static)" }
edge: { sourcename: "lpc43xx__gpio_port__Tdir_registersBIP" targetname: "lpc43xx__gpio_port__dir_registerIP" label: "D:\Documents\Ada\testing\src\lpc43xx-gpio_port.ads:69:4" }
node: { title: "lpc43xx__gpio_port__dir_registerIP" label: "Dir_Registerip\nD:\Documents\Ada\testing\src\lpc43xx-gpio_port.ads:48:9\n16 bytes (static)" }
node: { title: "lpc43xx__gpio_port__dir_registerEQ" label: "Dir_Registereq\nD:\Documents\Ada\testing\src\lpc43xx-gpio_port.ads:48:9\n32 bytes (static)" }
edge: { sourcename: "lpc43xx__gpio_port__dir_registerEQ" targetname: "D:\Documents\Ada\testing\src\lpc43xx-gpio_port.ads:lpc43xx__gpio_port__dir_registerEQ__E38s.6020" label: "D:\Documents\Ada\testing\src\lpc43xx-gpio_port.ads:48:9" }
node: { title: "D:\Documents\Ada\testing\src\lpc43xx-gpio_port.ads:lpc43xx__gpio_port__dir_registerEQ__E38s.6020" label: "E38s\nD:\Documents\Ada\testing\src\lpc43xx-gpio_port.ads:48:9\n24 bytes (static)" }
node: { title: "lpc43xx__gpio_port__Tdir_dirp_field_arrayBIP" label: "Tdir_Dirp_Field_Arraybip\nD:\Documents\Ada\testing\src\lpc43xx-gpio_port.ads:44:4\n16 bytes (static)" }
node: { title: "lpc43xx__gpio_port__Tw_registersBIP" label: "Tw_Registersbip\nD:\Documents\Ada\testing\src\lpc43xx-gpio_port.ads:40:4\n16 bytes (static)" }
node: { title: "lpc43xx__gpio_port__Tb_registersBIP" label: "Tb_Registersbip\nD:\Documents\Ada\testing\src\lpc43xx-gpio_port.ads:34:4\n32 bytes (static)" }
edge: { sourcename: "lpc43xx__gpio_port__Tb_registersBIP" targetname: "lpc43xx__gpio_port__b_registerIP" label: "D:\Documents\Ada\testing\src\lpc43xx-gpio_port.ads:34:4" }
node: { title: "lpc43xx__gpio_port__b_registerIP" label: "B_Registerip\nD:\Documents\Ada\testing\src\lpc43xx-gpio_port.ads:18:9\n16 bytes (static)" }
}
